// Jest Snapshot v1, https://goo.gl/fbAQLP

exports[`renders published insight 1`] = `
<div
  className="published"
>
  <div
    className="published-container"
  >
    <h3
      className="published-title"
    >
      undefined was published!
    </h3>
    <img
      alt="chart"
      className="published-chart"
      src="data:image/png;base64, b64ImageString"
    />
    <div
      className="published-buttons"
    >
      <button
        className="published-back-button btn btn-xs btn-default"
        disabled={false}
        onClick={[Function]}
        type="button"
      >
        Publish new insight
      </button>
      <a
        className="published-link"
        href="https://data.world/path/to/insight"
        rel="noopener noreferrer"
        target="_blank"
      >
        <button
          className="published-link-button btn btn-xs btn-primary"
          disabled={false}
          onClick={[Function]}
          type="button"
        >
          View on data.world
        </button>
      </a>
    </div>
  </div>
</div>
`;
